Archive member included to satisfy reference by file (symbol)

/usr/lib/gcc/avr/4.9.2/avr25/tiny-stack/libgcc.a(_exit.o)
                              /usr/lib/gcc/avr/4.9.2/../../../avr/lib/avr25/tiny-stack/crtattiny24.o (exit)
/usr/lib/gcc/avr/4.9.2/avr25/tiny-stack/libgcc.a(_clear_bss.o)
                              ./main.o (__do_clear_bss)

Allocating common symbols
Common symbol       size              file

reception_int_flag  0x1               ./main.o
current_state       0x1               ./main.o
tx_triggered        0x1               ./main.o
state_function_ptr  0x8               ./main.o
command_status      0x1               ./main.o
time_out_flag       0x1               ./main.o
hits_count          0x1               ./main.o

Discarded input sections

 .data          0x0000000000000000        0x0 /usr/lib/gcc/avr/4.9.2/../../../avr/lib/avr25/tiny-stack/crtattiny24.o
 .bss           0x0000000000000000        0x0 /usr/lib/gcc/avr/4.9.2/../../../avr/lib/avr25/tiny-stack/crtattiny24.o
 .text          0x0000000000000000        0x0 ./.metadata/.plugins/org.eclipse.cdt.make.core/specs.o
 .data          0x0000000000000000        0x0 ./.metadata/.plugins/org.eclipse.cdt.make.core/specs.o
 .bss           0x0000000000000000        0x0 ./.metadata/.plugins/org.eclipse.cdt.make.core/specs.o
 .comment       0x0000000000000000       0x12 ./.metadata/.plugins/org.eclipse.cdt.make.core/specs.o
 .text          0x0000000000000000        0x0 ./main.o
 .data          0x0000000000000000        0x0 ./main.o
 .bss           0x0000000000000000        0x0 ./main.o
 .text          0x0000000000000000        0x0 /usr/lib/gcc/avr/4.9.2/avr25/tiny-stack/libgcc.a(_exit.o)
 .data          0x0000000000000000        0x0 /usr/lib/gcc/avr/4.9.2/avr25/tiny-stack/libgcc.a(_exit.o)
 .bss           0x0000000000000000        0x0 /usr/lib/gcc/avr/4.9.2/avr25/tiny-stack/libgcc.a(_exit.o)
 .text.libgcc.mul
                0x0000000000000000        0x0 /usr/lib/gcc/avr/4.9.2/avr25/tiny-stack/libgcc.a(_exit.o)
 .text.libgcc.div
                0x0000000000000000        0x0 /usr/lib/gcc/avr/4.9.2/avr25/tiny-stack/libgcc.a(_exit.o)
 .text.libgcc   0x0000000000000000        0x0 /usr/lib/gcc/avr/4.9.2/avr25/tiny-stack/libgcc.a(_exit.o)
 .text.libgcc.prologue
                0x0000000000000000        0x0 /usr/lib/gcc/avr/4.9.2/avr25/tiny-stack/libgcc.a(_exit.o)
 .text.libgcc.builtins
                0x0000000000000000        0x0 /usr/lib/gcc/avr/4.9.2/avr25/tiny-stack/libgcc.a(_exit.o)
 .text.libgcc.fmul
                0x0000000000000000        0x0 /usr/lib/gcc/avr/4.9.2/avr25/tiny-stack/libgcc.a(_exit.o)
 .text.libgcc.fixed
                0x0000000000000000        0x0 /usr/lib/gcc/avr/4.9.2/avr25/tiny-stack/libgcc.a(_exit.o)
 .text          0x0000000000000000        0x0 /usr/lib/gcc/avr/4.9.2/avr25/tiny-stack/libgcc.a(_clear_bss.o)
 .data          0x0000000000000000        0x0 /usr/lib/gcc/avr/4.9.2/avr25/tiny-stack/libgcc.a(_clear_bss.o)
 .bss           0x0000000000000000        0x0 /usr/lib/gcc/avr/4.9.2/avr25/tiny-stack/libgcc.a(_clear_bss.o)
 .text.libgcc.mul
                0x0000000000000000        0x0 /usr/lib/gcc/avr/4.9.2/avr25/tiny-stack/libgcc.a(_clear_bss.o)
 .text.libgcc.div
                0x0000000000000000        0x0 /usr/lib/gcc/avr/4.9.2/avr25/tiny-stack/libgcc.a(_clear_bss.o)
 .text.libgcc   0x0000000000000000        0x0 /usr/lib/gcc/avr/4.9.2/avr25/tiny-stack/libgcc.a(_clear_bss.o)
 .text.libgcc.prologue
                0x0000000000000000        0x0 /usr/lib/gcc/avr/4.9.2/avr25/tiny-stack/libgcc.a(_clear_bss.o)
 .text.libgcc.builtins
                0x0000000000000000        0x0 /usr/lib/gcc/avr/4.9.2/avr25/tiny-stack/libgcc.a(_clear_bss.o)
 .text.libgcc.fmul
                0x0000000000000000        0x0 /usr/lib/gcc/avr/4.9.2/avr25/tiny-stack/libgcc.a(_clear_bss.o)
 .text.libgcc.fixed
                0x0000000000000000        0x0 /usr/lib/gcc/avr/4.9.2/avr25/tiny-stack/libgcc.a(_clear_bss.o)

Memory Configuration

Name             Origin             Length             Attributes
text             0x0000000000000000 0x0000000000002000 xr
data             0x0000000000800060 0x000000000000ffa0 rw !x
eeprom           0x0000000000810000 0x0000000000010000 rw !x
fuse             0x0000000000820000 0x0000000000000400 rw !x
lock             0x0000000000830000 0x0000000000000400 rw !x
signature        0x0000000000840000 0x0000000000000400 rw !x
user_signatures  0x0000000000850000 0x0000000000000400 rw !x
*default*        0x0000000000000000 0xffffffffffffffff

Linker script and memory map

LOAD /usr/lib/gcc/avr/4.9.2/../../../avr/lib/avr25/tiny-stack/crtattiny24.o
LOAD ./.metadata/.plugins/org.eclipse.cdt.make.core/specs.o
LOAD ./main.o
LOAD /usr/lib/gcc/avr/4.9.2/avr25/tiny-stack/libgcc.a
LOAD /usr/lib/gcc/avr/4.9.2/../../../avr/lib/avr25/tiny-stack/libm.a
START GROUP
LOAD /usr/lib/gcc/avr/4.9.2/avr25/tiny-stack/libgcc.a
LOAD /usr/lib/gcc/avr/4.9.2/../../../avr/lib/avr25/tiny-stack/libm.a
LOAD /usr/lib/gcc/avr/4.9.2/../../../avr/lib/avr25/tiny-stack/libc.a
LOAD /usr/lib/gcc/avr/4.9.2/../../../avr/lib/avr25/tiny-stack/libattiny24.a
END GROUP

.hash
 *(.hash)

.dynsym
 *(.dynsym)

.dynstr
 *(.dynstr)

.gnu.version
 *(.gnu.version)

.gnu.version_d
 *(.gnu.version_d)

.gnu.version_r
 *(.gnu.version_r)

.rel.init
 *(.rel.init)

.rela.init
 *(.rela.init)

.rel.text
 *(.rel.text)
 *(.rel.text.*)
 *(.rel.gnu.linkonce.t*)

.rela.text
 *(.rela.text)
 *(.rela.text.*)
 *(.rela.gnu.linkonce.t*)

.rel.fini
 *(.rel.fini)

.rela.fini
 *(.rela.fini)

.rel.rodata
 *(.rel.rodata)
 *(.rel.rodata.*)
 *(.rel.gnu.linkonce.r*)

.rela.rodata
 *(.rela.rodata)
 *(.rela.rodata.*)
 *(.rela.gnu.linkonce.r*)

.rel.data
 *(.rel.data)
 *(.rel.data.*)
 *(.rel.gnu.linkonce.d*)

.rela.data
 *(.rela.data)
 *(.rela.data.*)
 *(.rela.gnu.linkonce.d*)

.rel.ctors
 *(.rel.ctors)

.rela.ctors
 *(.rela.ctors)

.rel.dtors
 *(.rel.dtors)

.rela.dtors
 *(.rela.dtors)

.rel.got
 *(.rel.got)

.rela.got
 *(.rela.got)

.rel.bss
 *(.rel.bss)

.rela.bss
 *(.rela.bss)

.rel.plt
 *(.rel.plt)

.rela.plt
 *(.rela.plt)

.text           0x0000000000000000      0x1b6
 *(.vectors)
 .vectors       0x0000000000000000       0x22 /usr/lib/gcc/avr/4.9.2/../../../avr/lib/avr25/tiny-stack/crtattiny24.o
                0x0000000000000000                __vectors
                0x0000000000000000                __vector_default
 *(.vectors)
 *(.progmem.gcc*)
                0x0000000000000022                . = ALIGN (0x2)
                0x0000000000000022                __trampolines_start = .
 *(.trampolines)
 .trampolines   0x0000000000000022        0x0 linker stubs
 *(.trampolines*)
                0x0000000000000022                __trampolines_end = .
 *(.progmem*)
                0x0000000000000022                . = ALIGN (0x2)
 *(.jumptables)
 *(.jumptables*)
 *(.lowtext)
 *(.lowtext*)
                0x0000000000000022                __ctors_start = .
 *(.ctors)
                0x0000000000000022                __ctors_end = .
                0x0000000000000022                __dtors_start = .
 *(.dtors)
                0x0000000000000022                __dtors_end = .
 SORT(*)(.ctors)
 SORT(*)(.dtors)
 *(.init0)
 .init0         0x0000000000000022        0x0 /usr/lib/gcc/avr/4.9.2/../../../avr/lib/avr25/tiny-stack/crtattiny24.o
                0x0000000000000022                __init
 *(.init0)
 *(.init1)
 *(.init1)
 *(.init2)
 .init2         0x0000000000000022        0x8 /usr/lib/gcc/avr/4.9.2/../../../avr/lib/avr25/tiny-stack/crtattiny24.o
 *(.init2)
 *(.init3)
 *(.init3)
 *(.init4)
 .init4         0x000000000000002a       0x10 /usr/lib/gcc/avr/4.9.2/avr25/tiny-stack/libgcc.a(_clear_bss.o)
                0x000000000000002a                __do_clear_bss
 *(.init4)
 *(.init5)
 *(.init5)
 *(.init6)
 *(.init6)
 *(.init7)
 *(.init7)
 *(.init8)
 *(.init8)
 *(.init9)
 .init9         0x000000000000003a        0x4 /usr/lib/gcc/avr/4.9.2/../../../avr/lib/avr25/tiny-stack/crtattiny24.o
 *(.init9)
 *(.text)
 .text          0x000000000000003e        0x2 /usr/lib/gcc/avr/4.9.2/../../../avr/lib/avr25/tiny-stack/crtattiny24.o
                0x000000000000003e                __vector_1
                0x000000000000003e                __bad_interrupt
                0x000000000000003e                __vector_3
                0x000000000000003e                __vector_11
                0x000000000000003e                __vector_13
                0x000000000000003e                __vector_7
                0x000000000000003e                __vector_5
                0x000000000000003e                __vector_4
                0x000000000000003e                __vector_9
                0x000000000000003e                __vector_2
                0x000000000000003e                __vector_15
                0x000000000000003e                __vector_8
                0x000000000000003e                __vector_14
                0x000000000000003e                __vector_10
                0x000000000000003e                __vector_16
                0x0000000000000040                . = ALIGN (0x2)
 *(.text.*)
 .text.idle_function
                0x0000000000000040       0x10 ./main.o
                0x0000000000000040                idle_function
 .text.send_function
                0x0000000000000050       0x4a ./main.o
                0x0000000000000050                send_function
 .text.listen_function
                0x000000000000009a       0x16 ./main.o
                0x000000000000009a                listen_function
 .text.ioinit   0x00000000000000b0       0x5a ./main.o
                0x00000000000000b0                ioinit
 .text.get_next_state
                0x000000000000010a       0x2e ./main.o
                0x000000000000010a                get_next_state
 .text.execute_state
                0x0000000000000138       0x16 ./main.o
                0x0000000000000138                execute_state
 .text.startup.main
                0x000000000000014e        0xc ./main.o
                0x000000000000014e                main
 .text.__vector_6
                0x000000000000015a       0x26 ./main.o
                0x000000000000015a                __vector_6
 .text.__vector_12
                0x0000000000000180       0x32 ./main.o
                0x0000000000000180                __vector_12
                0x00000000000001b2                . = ALIGN (0x2)
 *(.fini9)
 .fini9         0x00000000000001b2        0x0 /usr/lib/gcc/avr/4.9.2/avr25/tiny-stack/libgcc.a(_exit.o)
                0x00000000000001b2                exit
                0x00000000000001b2                _exit
 *(.fini9)
 *(.fini8)
 *(.fini8)
 *(.fini7)
 *(.fini7)
 *(.fini6)
 *(.fini6)
 *(.fini5)
 *(.fini5)
 *(.fini4)
 *(.fini4)
 *(.fini3)
 *(.fini3)
 *(.fini2)
 *(.fini2)
 *(.fini1)
 *(.fini1)
 *(.fini0)
 .fini0         0x00000000000001b2        0x4 /usr/lib/gcc/avr/4.9.2/avr25/tiny-stack/libgcc.a(_exit.o)
 *(.fini0)
                0x00000000000001b6                _etext = .

.data           0x0000000000800060        0x0 load address 0x00000000000001b6
                0x0000000000800060                PROVIDE (__data_start, .)
 *(.data)
 *(.data*)
 *(.rodata)
 *(.rodata*)
 *(.gnu.linkonce.d*)
                0x0000000000800060                . = ALIGN (0x2)
                0x0000000000800060                _edata = .
                0x0000000000800060                PROVIDE (__data_end, .)

.bss            0x0000000000800060        0xe
                0x0000000000800060                PROVIDE (__bss_start, .)
 *(.bss)
 *(.bss*)
 *(COMMON)
 COMMON         0x0000000000800060        0xe ./main.o
                0x0000000000800060                reception_int_flag
                0x0000000000800061                current_state
                0x0000000000800062                tx_triggered
                0x0000000000800063                state_function_ptr
                0x000000000080006b                command_status
                0x000000000080006c                time_out_flag
                0x000000000080006d                hits_count
                0x000000000080006e                PROVIDE (__bss_end, .)
                0x00000000000001b6                __data_load_start = LOADADDR (.data)
                0x00000000000001b6                __data_load_end = (__data_load_start + SIZEOF (.data))

.noinit         0x000000000080006e        0x0
                0x000000000080006e                PROVIDE (__noinit_start, .)
 *(.noinit*)
                0x000000000080006e                PROVIDE (__noinit_end, .)
                0x000000000080006e                _end = .
                0x000000000080006e                PROVIDE (__heap_start, .)

.eeprom         0x0000000000810000        0x0
 *(.eeprom*)
                0x0000000000810000                __eeprom_end = .

.fuse
 *(.fuse)
 *(.lfuse)
 *(.hfuse)
 *(.efuse)

.lock
 *(.lock*)

.signature
 *(.signature*)

.user_signatures
 *(.user_signatures*)

.stab
 *(.stab)

.stabstr
 *(.stabstr)

.stab.excl
 *(.stab.excl)

.stab.exclstr
 *(.stab.exclstr)

.stab.index
 *(.stab.index)

.stab.indexstr
 *(.stab.indexstr)

.comment        0x0000000000000000       0x11
 *(.comment)
 .comment       0x0000000000000000       0x11 ./main.o
                                         0x12 (size before relaxing)

.note.gnu.avr.deviceinfo
                0x0000000000000000       0x3c
 .note.gnu.avr.deviceinfo
                0x0000000000000000       0x3c /usr/lib/gcc/avr/4.9.2/../../../avr/lib/avr25/tiny-stack/crtattiny24.o

.note.gnu.build-id
 *(.note.gnu.build-id)

.debug
 *(.debug)

.line
 *(.line)

.debug_srcinfo
 *(.debug_srcinfo)

.debug_sfnames
 *(.debug_sfnames)

.debug_aranges
 *(.debug_aranges)

.debug_pubnames
 *(.debug_pubnames)

.debug_info
 *(.debug_info .gnu.linkonce.wi.*)

.debug_abbrev
 *(.debug_abbrev)

.debug_line
 *(.debug_line .debug_line.* .debug_line_end)

.debug_frame
 *(.debug_frame)

.debug_str
 *(.debug_str)

.debug_loc
 *(.debug_loc)

.debug_macinfo
 *(.debug_macinfo)

.debug_weaknames
 *(.debug_weaknames)

.debug_funcnames
 *(.debug_funcnames)

.debug_typenames
 *(.debug_typenames)

.debug_varnames
 *(.debug_varnames)

.debug_pubtypes
 *(.debug_pubtypes)

.debug_ranges
 *(.debug_ranges)

.debug_macro
 *(.debug_macro)
OUTPUT(src.elf elf32-avr)
LOAD linker stubs

Cross Reference Table

Symbol                                            File
__bad_interrupt                                   /usr/lib/gcc/avr/4.9.2/../../../avr/lib/avr25/tiny-stack/crtattiny24.o
__bss_end                                         /usr/lib/gcc/avr/4.9.2/avr25/tiny-stack/libgcc.a(_clear_bss.o)
__bss_start                                       /usr/lib/gcc/avr/4.9.2/avr25/tiny-stack/libgcc.a(_clear_bss.o)
__do_clear_bss                                    /usr/lib/gcc/avr/4.9.2/avr25/tiny-stack/libgcc.a(_clear_bss.o)
                                                  ./main.o
__heap_end                                        /usr/lib/gcc/avr/4.9.2/../../../avr/lib/avr25/tiny-stack/crtattiny24.o
__init                                            /usr/lib/gcc/avr/4.9.2/../../../avr/lib/avr25/tiny-stack/crtattiny24.o
__stack                                           /usr/lib/gcc/avr/4.9.2/../../../avr/lib/avr25/tiny-stack/crtattiny24.o
__vector_1                                        /usr/lib/gcc/avr/4.9.2/../../../avr/lib/avr25/tiny-stack/crtattiny24.o
__vector_10                                       /usr/lib/gcc/avr/4.9.2/../../../avr/lib/avr25/tiny-stack/crtattiny24.o
__vector_11                                       /usr/lib/gcc/avr/4.9.2/../../../avr/lib/avr25/tiny-stack/crtattiny24.o
__vector_12                                       ./main.o
                                                  /usr/lib/gcc/avr/4.9.2/../../../avr/lib/avr25/tiny-stack/crtattiny24.o
__vector_13                                       /usr/lib/gcc/avr/4.9.2/../../../avr/lib/avr25/tiny-stack/crtattiny24.o
__vector_14                                       /usr/lib/gcc/avr/4.9.2/../../../avr/lib/avr25/tiny-stack/crtattiny24.o
__vector_15                                       /usr/lib/gcc/avr/4.9.2/../../../avr/lib/avr25/tiny-stack/crtattiny24.o
__vector_16                                       /usr/lib/gcc/avr/4.9.2/../../../avr/lib/avr25/tiny-stack/crtattiny24.o
__vector_2                                        /usr/lib/gcc/avr/4.9.2/../../../avr/lib/avr25/tiny-stack/crtattiny24.o
__vector_3                                        /usr/lib/gcc/avr/4.9.2/../../../avr/lib/avr25/tiny-stack/crtattiny24.o
__vector_4                                        /usr/lib/gcc/avr/4.9.2/../../../avr/lib/avr25/tiny-stack/crtattiny24.o
__vector_5                                        /usr/lib/gcc/avr/4.9.2/../../../avr/lib/avr25/tiny-stack/crtattiny24.o
__vector_6                                        ./main.o
                                                  /usr/lib/gcc/avr/4.9.2/../../../avr/lib/avr25/tiny-stack/crtattiny24.o
__vector_7                                        /usr/lib/gcc/avr/4.9.2/../../../avr/lib/avr25/tiny-stack/crtattiny24.o
__vector_8                                        /usr/lib/gcc/avr/4.9.2/../../../avr/lib/avr25/tiny-stack/crtattiny24.o
__vector_9                                        /usr/lib/gcc/avr/4.9.2/../../../avr/lib/avr25/tiny-stack/crtattiny24.o
__vector_default                                  /usr/lib/gcc/avr/4.9.2/../../../avr/lib/avr25/tiny-stack/crtattiny24.o
__vectors                                         /usr/lib/gcc/avr/4.9.2/../../../avr/lib/avr25/tiny-stack/crtattiny24.o
_exit                                             /usr/lib/gcc/avr/4.9.2/avr25/tiny-stack/libgcc.a(_exit.o)
command_status                                    ./main.o
current_state                                     ./main.o
execute_state                                     ./main.o
exit                                              /usr/lib/gcc/avr/4.9.2/avr25/tiny-stack/libgcc.a(_exit.o)
                                                  /usr/lib/gcc/avr/4.9.2/../../../avr/lib/avr25/tiny-stack/crtattiny24.o
get_next_state                                    ./main.o
hits_count                                        ./main.o
idle_function                                     ./main.o
ioinit                                            ./main.o
listen_function                                   ./main.o
main                                              ./main.o
                                                  /usr/lib/gcc/avr/4.9.2/../../../avr/lib/avr25/tiny-stack/crtattiny24.o
reception_int_flag                                ./main.o
send_function                                     ./main.o
state_function_ptr                                ./main.o
time_out_flag                                     ./main.o
tx_triggered                                      ./main.o
