Archive member included to satisfy reference by file (symbol)

/usr/lib/gcc/avr/4.9.2/avr25/tiny-stack/libgcc.a(_exit.o)
                              /usr/lib/gcc/avr/4.9.2/../../../avr/lib/avr25/tiny-stack/crtattiny24.o (exit)
/usr/lib/gcc/avr/4.9.2/avr25/tiny-stack/libgcc.a(_copy_data.o)
                              ./main.o (__do_copy_data)
/usr/lib/gcc/avr/4.9.2/avr25/tiny-stack/libgcc.a(_clear_bss.o)
                              ./main.o (__do_clear_bss)

Allocating common symbols
Common symbol       size              file

reception_int_flag  0x1               ./main.o
current_state       0x1               ./main.o
tx_triggered        0x1               ./main.o
state_function_ptr  0x8               ./main.o
comm_status         0x1               ./main.o
command_status      0x1               ./main.o
hits_count          0x1               ./main.o
time_out_flag       0x1               ./main.o
distance_ss         0x1               ./main.o
tx_status           0x1               ./main.o

Memory Configuration

Name             Origin             Length             Attributes
text             0x0000000000000000 0x0000000000002000 xr
data             0x0000000000800060 0x000000000000ffa0 rw !x
eeprom           0x0000000000810000 0x0000000000010000 rw !x
fuse             0x0000000000820000 0x0000000000000400 rw !x
lock             0x0000000000830000 0x0000000000000400 rw !x
signature        0x0000000000840000 0x0000000000000400 rw !x
user_signatures  0x0000000000850000 0x0000000000000400 rw !x
*default*        0x0000000000000000 0xffffffffffffffff

Linker script and memory map

LOAD /usr/lib/gcc/avr/4.9.2/../../../avr/lib/avr25/tiny-stack/crtattiny24.o
LOAD ./.metadata/.plugins/org.eclipse.cdt.make.core/specs.o
LOAD ./main.o
START GROUP
LOAD /usr/lib/gcc/avr/4.9.2/avr25/tiny-stack/libgcc.a
LOAD /usr/lib/gcc/avr/4.9.2/../../../avr/lib/avr25/tiny-stack/libm.a
LOAD /usr/lib/gcc/avr/4.9.2/../../../avr/lib/avr25/tiny-stack/libc.a
LOAD /usr/lib/gcc/avr/4.9.2/../../../avr/lib/avr25/tiny-stack/libattiny24.a
END GROUP

.hash
 *(.hash)

.dynsym
 *(.dynsym)

.dynstr
 *(.dynstr)

.gnu.version
 *(.gnu.version)

.gnu.version_d
 *(.gnu.version_d)

.gnu.version_r
 *(.gnu.version_r)

.rel.init
 *(.rel.init)

.rela.init
 *(.rela.init)

.rel.text
 *(.rel.text)
 *(.rel.text.*)
 *(.rel.gnu.linkonce.t*)

.rela.text
 *(.rela.text)
 *(.rela.text.*)
 *(.rela.gnu.linkonce.t*)

.rel.fini
 *(.rel.fini)

.rela.fini
 *(.rela.fini)

.rel.rodata
 *(.rel.rodata)
 *(.rel.rodata.*)
 *(.rel.gnu.linkonce.r*)

.rela.rodata
 *(.rela.rodata)
 *(.rela.rodata.*)
 *(.rela.gnu.linkonce.r*)

.rel.data
 *(.rel.data)
 *(.rel.data.*)
 *(.rel.gnu.linkonce.d*)

.rela.data
 *(.rela.data)
 *(.rela.data.*)
 *(.rela.gnu.linkonce.d*)

.rel.ctors
 *(.rel.ctors)

.rela.ctors
 *(.rela.ctors)

.rel.dtors
 *(.rel.dtors)

.rela.dtors
 *(.rela.dtors)

.rel.got
 *(.rel.got)

.rela.got
 *(.rela.got)

.rel.bss
 *(.rel.bss)

.rela.bss
 *(.rela.bss)

.rel.plt
 *(.rel.plt)

.rela.plt
 *(.rela.plt)

.text           0x0000000000000000      0x202
 *(.vectors)
 .vectors       0x0000000000000000       0x22 /usr/lib/gcc/avr/4.9.2/../../../avr/lib/avr25/tiny-stack/crtattiny24.o
                0x0000000000000000                __vectors
                0x0000000000000000                __vector_default
 *(.vectors)
 *(.progmem.gcc*)
                0x0000000000000022                . = ALIGN (0x2)
                0x0000000000000022                __trampolines_start = .
 *(.trampolines)
 .trampolines   0x0000000000000022        0x0 linker stubs
 *(.trampolines*)
                0x0000000000000022                __trampolines_end = .
 *(.progmem*)
                0x0000000000000022                . = ALIGN (0x2)
 *(.jumptables)
 *(.jumptables*)
 *(.lowtext)
 *(.lowtext*)
                0x0000000000000022                __ctors_start = .
 *(.ctors)
                0x0000000000000022                __ctors_end = .
                0x0000000000000022                __dtors_start = .
 *(.dtors)
                0x0000000000000022                __dtors_end = .
 SORT(*)(.ctors)
 SORT(*)(.dtors)
 *(.init0)
 .init0         0x0000000000000022        0x0 /usr/lib/gcc/avr/4.9.2/../../../avr/lib/avr25/tiny-stack/crtattiny24.o
                0x0000000000000022                __init
 *(.init0)
 *(.init1)
 *(.init1)
 *(.init2)
 .init2         0x0000000000000022        0x8 /usr/lib/gcc/avr/4.9.2/../../../avr/lib/avr25/tiny-stack/crtattiny24.o
 *(.init2)
 *(.init3)
 *(.init3)
 *(.init4)
 .init4         0x000000000000002a       0x16 /usr/lib/gcc/avr/4.9.2/avr25/tiny-stack/libgcc.a(_copy_data.o)
                0x000000000000002a                __do_copy_data
 .init4         0x0000000000000040       0x10 /usr/lib/gcc/avr/4.9.2/avr25/tiny-stack/libgcc.a(_clear_bss.o)
                0x0000000000000040                __do_clear_bss
 *(.init4)
 *(.init5)
 *(.init5)
 *(.init6)
 *(.init6)
 *(.init7)
 *(.init7)
 *(.init8)
 *(.init8)
 *(.init9)
 .init9         0x0000000000000050        0x4 /usr/lib/gcc/avr/4.9.2/../../../avr/lib/avr25/tiny-stack/crtattiny24.o
 *(.init9)
 *(.text)
 .text          0x0000000000000054        0x2 /usr/lib/gcc/avr/4.9.2/../../../avr/lib/avr25/tiny-stack/crtattiny24.o
                0x0000000000000054                __vector_1
                0x0000000000000054                __bad_interrupt
                0x0000000000000054                __vector_3
                0x0000000000000054                __vector_11
                0x0000000000000054                __vector_13
                0x0000000000000054                __vector_7
                0x0000000000000054                __vector_5
                0x0000000000000054                __vector_4
                0x0000000000000054                __vector_9
                0x0000000000000054                __vector_2
                0x0000000000000054                __vector_15
                0x0000000000000054                __vector_8
                0x0000000000000054                __vector_14
                0x0000000000000054                __vector_10
                0x0000000000000054                __vector_16
 .text          0x0000000000000056        0x0 ./.metadata/.plugins/org.eclipse.cdt.make.core/specs.o
 .text          0x0000000000000056        0x0 ./main.o
 .text          0x0000000000000056        0x0 /usr/lib/gcc/avr/4.9.2/avr25/tiny-stack/libgcc.a(_exit.o)
 .text          0x0000000000000056        0x0 /usr/lib/gcc/avr/4.9.2/avr25/tiny-stack/libgcc.a(_copy_data.o)
 .text          0x0000000000000056        0x0 /usr/lib/gcc/avr/4.9.2/avr25/tiny-stack/libgcc.a(_clear_bss.o)
                0x0000000000000056                . = ALIGN (0x2)
 *(.text.*)
 .text.idle_function
                0x0000000000000056       0x12 ./main.o
                0x0000000000000056                idle_function
 .text.listen_function
                0x0000000000000068       0x1e ./main.o
                0x0000000000000068                listen_function
 .text.calculate_function
                0x0000000000000086        0xe ./main.o
                0x0000000000000086                calculate_function
 .text.send_function
                0x0000000000000094       0x3c ./main.o
                0x0000000000000094                send_function
 .text.ioinit   0x00000000000000d0       0x66 ./main.o
                0x00000000000000d0                ioinit
 .text.get_next_state
                0x0000000000000136       0x46 ./main.o
                0x0000000000000136                get_next_state
 .text.execute_state
                0x000000000000017c       0x16 ./main.o
                0x000000000000017c                execute_state
 .text.startup.main
                0x0000000000000192        0xc ./main.o
                0x0000000000000192                main
 .text.__vector_6
                0x000000000000019e       0x2c ./main.o
                0x000000000000019e                __vector_6
 .text.__vector_12
                0x00000000000001ca       0x34 ./main.o
                0x00000000000001ca                __vector_12
 .text.libgcc.mul
                0x00000000000001fe        0x0 /usr/lib/gcc/avr/4.9.2/avr25/tiny-stack/libgcc.a(_exit.o)
 .text.libgcc.div
                0x00000000000001fe        0x0 /usr/lib/gcc/avr/4.9.2/avr25/tiny-stack/libgcc.a(_exit.o)
 .text.libgcc   0x00000000000001fe        0x0 /usr/lib/gcc/avr/4.9.2/avr25/tiny-stack/libgcc.a(_exit.o)
 .text.libgcc.prologue
                0x00000000000001fe        0x0 /usr/lib/gcc/avr/4.9.2/avr25/tiny-stack/libgcc.a(_exit.o)
 .text.libgcc.builtins
                0x00000000000001fe        0x0 /usr/lib/gcc/avr/4.9.2/avr25/tiny-stack/libgcc.a(_exit.o)
 .text.libgcc.fmul
                0x00000000000001fe        0x0 /usr/lib/gcc/avr/4.9.2/avr25/tiny-stack/libgcc.a(_exit.o)
 .text.libgcc.fixed
                0x00000000000001fe        0x0 /usr/lib/gcc/avr/4.9.2/avr25/tiny-stack/libgcc.a(_exit.o)
 .text.libgcc.mul
                0x00000000000001fe        0x0 /usr/lib/gcc/avr/4.9.2/avr25/tiny-stack/libgcc.a(_copy_data.o)
 .text.libgcc.div
                0x00000000000001fe        0x0 /usr/lib/gcc/avr/4.9.2/avr25/tiny-stack/libgcc.a(_copy_data.o)
 .text.libgcc   0x00000000000001fe        0x0 /usr/lib/gcc/avr/4.9.2/avr25/tiny-stack/libgcc.a(_copy_data.o)
 .text.libgcc.prologue
                0x00000000000001fe        0x0 /usr/lib/gcc/avr/4.9.2/avr25/tiny-stack/libgcc.a(_copy_data.o)
 .text.libgcc.builtins
                0x00000000000001fe        0x0 /usr/lib/gcc/avr/4.9.2/avr25/tiny-stack/libgcc.a(_copy_data.o)
 .text.libgcc.fmul
                0x00000000000001fe        0x0 /usr/lib/gcc/avr/4.9.2/avr25/tiny-stack/libgcc.a(_copy_data.o)
 .text.libgcc.fixed
                0x00000000000001fe        0x0 /usr/lib/gcc/avr/4.9.2/avr25/tiny-stack/libgcc.a(_copy_data.o)
 .text.libgcc.mul
                0x00000000000001fe        0x0 /usr/lib/gcc/avr/4.9.2/avr25/tiny-stack/libgcc.a(_clear_bss.o)
 .text.libgcc.div
                0x00000000000001fe        0x0 /usr/lib/gcc/avr/4.9.2/avr25/tiny-stack/libgcc.a(_clear_bss.o)
 .text.libgcc   0x00000000000001fe        0x0 /usr/lib/gcc/avr/4.9.2/avr25/tiny-stack/libgcc.a(_clear_bss.o)
 .text.libgcc.prologue
                0x00000000000001fe        0x0 /usr/lib/gcc/avr/4.9.2/avr25/tiny-stack/libgcc.a(_clear_bss.o)
 .text.libgcc.builtins
                0x00000000000001fe        0x0 /usr/lib/gcc/avr/4.9.2/avr25/tiny-stack/libgcc.a(_clear_bss.o)
 .text.libgcc.fmul
                0x00000000000001fe        0x0 /usr/lib/gcc/avr/4.9.2/avr25/tiny-stack/libgcc.a(_clear_bss.o)
 .text.libgcc.fixed
                0x00000000000001fe        0x0 /usr/lib/gcc/avr/4.9.2/avr25/tiny-stack/libgcc.a(_clear_bss.o)
                0x00000000000001fe                . = ALIGN (0x2)
 *(.fini9)
 .fini9         0x00000000000001fe        0x0 /usr/lib/gcc/avr/4.9.2/avr25/tiny-stack/libgcc.a(_exit.o)
                0x00000000000001fe                exit
                0x00000000000001fe                _exit
 *(.fini9)
 *(.fini8)
 *(.fini8)
 *(.fini7)
 *(.fini7)
 *(.fini6)
 *(.fini6)
 *(.fini5)
 *(.fini5)
 *(.fini4)
 *(.fini4)
 *(.fini3)
 *(.fini3)
 *(.fini2)
 *(.fini2)
 *(.fini1)
 *(.fini1)
 *(.fini0)
 .fini0         0x00000000000001fe        0x4 /usr/lib/gcc/avr/4.9.2/avr25/tiny-stack/libgcc.a(_exit.o)
 *(.fini0)
                0x0000000000000202                _etext = .

.data           0x0000000000800060        0x2 load address 0x0000000000000202
                0x0000000000800060                PROVIDE (__data_start, .)
 *(.data)
 .data          0x0000000000800060        0x0 /usr/lib/gcc/avr/4.9.2/../../../avr/lib/avr25/tiny-stack/crtattiny24.o
 .data          0x0000000000800060        0x0 ./.metadata/.plugins/org.eclipse.cdt.make.core/specs.o
 .data          0x0000000000800060        0x0 ./main.o
 .data          0x0000000000800060        0x0 /usr/lib/gcc/avr/4.9.2/avr25/tiny-stack/libgcc.a(_exit.o)
 .data          0x0000000000800060        0x0 /usr/lib/gcc/avr/4.9.2/avr25/tiny-stack/libgcc.a(_copy_data.o)
 .data          0x0000000000800060        0x0 /usr/lib/gcc/avr/4.9.2/avr25/tiny-stack/libgcc.a(_clear_bss.o)
 *(.data*)
 .data.distance
                0x0000000000800060        0x1 ./main.o
                0x0000000000800060                distance
 *(.rodata)
 *(.rodata*)
 *(.gnu.linkonce.d*)
                0x0000000000800062                . = ALIGN (0x2)
 *fill*         0x0000000000800061        0x1 
                0x0000000000800062                _edata = .
                0x0000000000800062                PROVIDE (__data_end, .)

.bss            0x0000000000800062       0x11
                0x0000000000800062                PROVIDE (__bss_start, .)
 *(.bss)
 .bss           0x0000000000800062        0x0 /usr/lib/gcc/avr/4.9.2/../../../avr/lib/avr25/tiny-stack/crtattiny24.o
 .bss           0x0000000000800062        0x0 ./.metadata/.plugins/org.eclipse.cdt.make.core/specs.o
 .bss           0x0000000000800062        0x0 ./main.o
 .bss           0x0000000000800062        0x0 /usr/lib/gcc/avr/4.9.2/avr25/tiny-stack/libgcc.a(_exit.o)
 .bss           0x0000000000800062        0x0 /usr/lib/gcc/avr/4.9.2/avr25/tiny-stack/libgcc.a(_copy_data.o)
 .bss           0x0000000000800062        0x0 /usr/lib/gcc/avr/4.9.2/avr25/tiny-stack/libgcc.a(_clear_bss.o)
 *(.bss*)
 *(COMMON)
 COMMON         0x0000000000800062       0x11 ./main.o
                0x0000000000800062                reception_int_flag
                0x0000000000800063                current_state
                0x0000000000800064                tx_triggered
                0x0000000000800065                state_function_ptr
                0x000000000080006d                comm_status
                0x000000000080006e                command_status
                0x000000000080006f                hits_count
                0x0000000000800070                time_out_flag
                0x0000000000800071                distance_ss
                0x0000000000800072                tx_status
                0x0000000000800073                PROVIDE (__bss_end, .)
                0x0000000000000202                __data_load_start = LOADADDR (.data)
                0x0000000000000204                __data_load_end = (__data_load_start + SIZEOF (.data))

.noinit         0x0000000000800073        0x0
                0x0000000000800073                PROVIDE (__noinit_start, .)
 *(.noinit*)
                0x0000000000800073                PROVIDE (__noinit_end, .)
                0x0000000000800073                _end = .
                0x0000000000800073                PROVIDE (__heap_start, .)

.eeprom         0x0000000000810000        0x0
 *(.eeprom*)
                0x0000000000810000                __eeprom_end = .

.fuse
 *(.fuse)
 *(.lfuse)
 *(.hfuse)
 *(.efuse)

.lock
 *(.lock*)

.signature
 *(.signature*)

.user_signatures
 *(.user_signatures*)

.stab
 *(.stab)

.stabstr
 *(.stabstr)

.stab.excl
 *(.stab.excl)

.stab.exclstr
 *(.stab.exclstr)

.stab.index
 *(.stab.index)

.stab.indexstr
 *(.stab.indexstr)

.comment        0x0000000000000000       0x11
 *(.comment)
 .comment       0x0000000000000000       0x11 ./.metadata/.plugins/org.eclipse.cdt.make.core/specs.o
                                         0x12 (size before relaxing)
 .comment       0x0000000000000011       0x12 ./main.o

.note.gnu.avr.deviceinfo
                0x0000000000000000       0x3c
 .note.gnu.avr.deviceinfo
                0x0000000000000000       0x3c /usr/lib/gcc/avr/4.9.2/../../../avr/lib/avr25/tiny-stack/crtattiny24.o

.note.gnu.build-id
 *(.note.gnu.build-id)

.debug
 *(.debug)

.line
 *(.line)

.debug_srcinfo
 *(.debug_srcinfo)

.debug_sfnames
 *(.debug_sfnames)

.debug_aranges
 *(.debug_aranges)

.debug_pubnames
 *(.debug_pubnames)

.debug_info
 *(.debug_info .gnu.linkonce.wi.*)

.debug_abbrev
 *(.debug_abbrev)

.debug_line
 *(.debug_line .debug_line.* .debug_line_end)

.debug_frame
 *(.debug_frame)

.debug_str
 *(.debug_str)

.debug_loc
 *(.debug_loc)

.debug_macinfo
 *(.debug_macinfo)

.debug_weaknames
 *(.debug_weaknames)

.debug_funcnames
 *(.debug_funcnames)

.debug_typenames
 *(.debug_typenames)

.debug_varnames
 *(.debug_varnames)

.debug_pubtypes
 *(.debug_pubtypes)

.debug_ranges
 *(.debug_ranges)

.debug_macro
 *(.debug_macro)
OUTPUT(src.elf elf32-avr)
LOAD linker stubs
